D:\Zombies-ZAP\ZombiesPlugin\src\main\java\io\github\zap\zombiesplugin\manager\GameManager.java
D:\Zombies-ZAP\ZombiesPlugin\src\main\java\io\github\zap\zombiesplugin\shop\ArmorShop.java
D:\Zombies-ZAP\ZombiesPlugin\src\main\java\io\github\zap\zombiesplugin\guns\Gun.java
D:\Zombies-ZAP\ZombiesPlugin\src\main\java\io\github\zap\zombiesplugin\hologram\HologramLine.java
D:\Zombies-ZAP\ZombiesPlugin\src\main\java\io\github\zap\zombiesplugin\guns\GunPlaceHolder.java
D:\Zombies-ZAP\ZombiesPlugin\src\main\java\io\github\zap\zombiesplugin\player\User.java
D:\Zombies-ZAP\ZombiesPlugin\src\main\java\io\github\zap\zombiesplugin\guns\data\gunattributes\GunAttribute.java
D:\Zombies-ZAP\ZombiesPlugin\src\main\java\io\github\zap\zombiesplugin\manager\GameDifficulty.java
D:\Zombies-ZAP\ZombiesPlugin\src\main\java\io\github\zap\zombiesplugin\player\GunUser.java
D:\Zombies-ZAP\ZombiesPlugin\src\main\java\io\github\zap\zombiesplugin\guns\logics\LinearBeam.java
D:\Zombies-ZAP\ZombiesPlugin\src\main\java\io\github\zap\zombiesplugin\guns\data\gunattributes\LinearGunAttribute.java
D:\Zombies-ZAP\ZombiesPlugin\src\main\java\io\github\zap\zombiesplugin\shop\WallShop.java
D:\Zombies-ZAP\ZombiesPlugin\src\main\java\io\github\zap\zombiesplugin\manager\GameState.java
D:\Zombies-ZAP\ZombiesPlugin\src\main\java\io\github\zap\zombiesplugin\guns\data\SoundFx.java
D:\Zombies-ZAP\ZombiesPlugin\src\main\java\io\github\zap\zombiesplugin\utils\Constants.java
D:\Zombies-ZAP\ZombiesPlugin\src\main\java\io\github\zap\zombiesplugin\utils\RomanNumber.java
D:\Zombies-ZAP\ZombiesPlugin\src\main\java\io\github\zap\zombiesplugin\guns\data\BulletStats.java
D:\Zombies-ZAP\ZombiesPlugin\src\main\java\io\github\zap\zombiesplugin\hotbar\HotbarManager.java
D:\Zombies-ZAP\ZombiesPlugin\src\main\java\io\github\zap\zombiesplugin\commands\GameCommands.java
D:\Zombies-ZAP\ZombiesPlugin\src\main\java\io\github\zap\zombiesplugin\utils\CollectionUtils.java
D:\Zombies-ZAP\ZombiesPlugin\src\main\java\io\github\zap\zombiesplugin\utils\Reflection.java
D:\Zombies-ZAP\ZombiesPlugin\src\main\java\io\github\zap\zombiesplugin\ZombiesPlugin.java
D:\Zombies-ZAP\ZombiesPlugin\src\main\java\io\github\zap\zombiesplugin\shop\GunShop.java
D:\Zombies-ZAP\ZombiesPlugin\src\main\java\io\github\zap\zombiesplugin\map\GameMap.java
D:\Zombies-ZAP\ZombiesPlugin\src\main\java\io\github\zap\zombiesplugin\manager\GameSettings.java
D:\Zombies-ZAP\ZombiesPlugin\src\main\java\io\github\zap\zombiesplugin\hotbar\HotbarObject.java
D:\Zombies-ZAP\ZombiesPlugin\src\main\java\io\github\zap\zombiesplugin\utils\WeaponStatsLoreBuilder.java
D:\Zombies-ZAP\ZombiesPlugin\src\main\java\io\github\zap\zombiesplugin\guns\LinearGun.java
D:\Zombies-ZAP\ZombiesPlugin\src\main\java\io\github\zap\zombiesplugin\hologram\Hologram.java
D:\Zombies-ZAP\ZombiesPlugin\src\main\java\io\github\zap\zombiesplugin\guns\data\GunData.java
D:\Zombies-ZAP\ZombiesPlugin\src\main\java\io\github\zap\zombiesplugin\manager\PlayerManager.java
D:\Zombies-ZAP\ZombiesPlugin\src\main\java\io\github\zap\zombiesplugin\hotbar\UnmanagedHotbarObject.java
D:\Zombies-ZAP\ZombiesPlugin\src\main\java\io\github\zap\zombiesplugin\shop\Shop.java
